// Jest Snapshot v1, https://goo.gl/fbAQLP

exports[`pruebas del componente <AddCategory /> debe mostrarse correctamente 1`] = `
<form
  onSubmit={[Function]}
>
  <p />
  <input
    id="add"
    name="add"
    onChange={[Function]}
    type="text"
    value=""
  />
</form>
`;
