// Jest Snapshot v1, https://goo.gl/fbAQLP

exports[`test component <App /> debe mostrar <App /> correctamente 1`] = `
<Fragment>
  <h1>
    Hola, Soy Goku
  </h1>
  <p>
    Soy subtitulo
  </p>
</Fragment>
`;
